[jaceklaskowski.gitbooks.io/mastering-spark-sql/content/index.html]
[backblue.gif]
[fade.gif]
[index.html]
[jaceklaskowski.gitbooks.io/mastering-spark-sql/content/gitbook/style.css]
[jaceklaskowski.gitbooks.io/mastering-spark-sql/content/gitbook/gitbook-plugin-highlight/website.css]
[jaceklaskowski.gitbooks.io/mastering-spark-sql/content/gitbook/gitbook-plugin-search/search.css]
[jaceklaskowski.gitbooks.io/mastering-spark-sql/content/gitbook/gitbook-plugin-fontsettings/website.css]
[jaceklaskowski.gitbooks.io/mastering-spark-sql/content/gitbook/images/apple-touch-icon-precomposed-152.png]
[jaceklaskowski.gitbooks.io/mastering-spark-sql/content/spark-sql.html]
[jaceklaskowski.gitbooks.io/mastering-spark-sql/content/spark-sql-dataset-rdd.html]
[jaceklaskowski.gitbooks.io/mastering-spark-sql/content/spark-sql-dataset-vs-sql.html]
[jaceklaskowski.gitbooks.io/mastering-spark-sql/content/demo/demo-connecting-spark-sql-to-hive-metastore.html]
[jaceklaskowski.gitbooks.io/mastering-spark-sql/content/hive/index.html]
[jaceklaskowski.gitbooks.io/mastering-spark-sql/content/demo/demo-hive-partitioned-parquet-table-partition-pruning.html]
[jaceklaskowski.gitbooks.io/mastering-spark-sql/content/hive/configuration-properties.html]
[jaceklaskowski.gitbooks.io/mastering-spark-sql/content/spark-sql-hive-metastore.html]
[jaceklaskowski.gitbooks.io/mastering-spark-sql/content/spark-sql-DataSinks.html]
[jaceklaskowski.gitbooks.io/mastering-spark-sql/content/hive/HiveFileFormat.html]
[jaceklaskowski.gitbooks.io/mastering-spark-sql/content/hive/HiveClient.html]
[jaceklaskowski.gitbooks.io/mastering-spark-sql/content/hive/HiveClientImpl.html]
[jaceklaskowski.gitbooks.io/mastering-spark-sql/content/hive/HiveUtils.html]
[jaceklaskowski.gitbooks.io/mastering-spark-sql/content/hive/IsolatedClientLoader.html]
[jaceklaskowski.gitbooks.io/mastering-spark-sql/content/hive/HiveTableRelation.html]
[jaceklaskowski.gitbooks.io/mastering-spark-sql/content/hive/CreateHiveTableAsSelectCommand.html]
[jaceklaskowski.gitbooks.io/mastering-spark-sql/content/hive/SaveAsHiveFile.html]
[jaceklaskowski.gitbooks.io/mastering-spark-sql/content/hive/InsertIntoHiveDirCommand.html]
[jaceklaskowski.gitbooks.io/mastering-spark-sql/content/hive/InsertIntoHiveTable.html]
[jaceklaskowski.gitbooks.io/mastering-spark-sql/content/hive/HiveTableScans.html]
[jaceklaskowski.gitbooks.io/mastering-spark-sql/content/gitbook/gitbook.js]
[jaceklaskowski.gitbooks.io/mastering-spark-sql/content/gitbook/theme.js]
[jaceklaskowski.gitbooks.io/mastering-spark-sql/content/gitbook/gitbook-plugin-ga/plugin.js]
[jaceklaskowski.gitbooks.io/mastering-spark-sql/content/gitbook/gitbook-plugin-search/search-engine.js]
[jaceklaskowski.gitbooks.io/mastering-spark-sql/content/gitbook/gitbook-plugin-search/search.js]
[jaceklaskowski.gitbooks.io/mastering-spark-sql/content/gitbook/gitbook-plugin-lunr/lunr.min.js]
[jaceklaskowski.gitbooks.io/mastering-spark-sql/content/gitbook/gitbook-plugin-lunr/search-lunr.js]
[jaceklaskowski.gitbooks.io/mastering-spark-sql/content/gitbook/gitbook-plugin-sharing/buttons.js]
[jaceklaskowski.gitbooks.io/mastering-spark-sql/content/index.html]
[jaceklaskowski.gitbooks.io/mastering-spark-sql/content/gitbook/gitbook-plugin-fontsettings/fontsettings.js]
[jaceklaskowski.gitbooks.io/mastering-spark-sql/content/gitbook/fonts/fontawesome/fontawesome-webfont5b62.eot]
[jaceklaskowski.gitbooks.io/mastering-spark-sql/content/gitbook/fonts/fontawesome/fontawesome-webfontd41d.eot]
[jaceklaskowski.gitbooks.io/mastering-spark-sql/content/gitbook/fonts/fontawesome/fontawesome-webfont5b62.woff2]
[jaceklaskowski.gitbooks.io/mastering-spark-sql/content/gitbook/fonts/fontawesome/fontawesome-webfont5b62.woff]
[jaceklaskowski.gitbooks.io/mastering-spark-sql/content/gitbook/fonts/fontawesome/fontawesome-webfont5b62.ttf]
[jaceklaskowski.gitbooks.io/mastering-spark-sql/content/gitbook/style.css]
[jaceklaskowski.gitbooks.io/mastering-spark-sql/content/gitbook/gitbook-plugin-highlight/website.css]
[jaceklaskowski.gitbooks.io/mastering-spark-sql/content/gitbook/gitbook-plugin-search/search.css]
[jaceklaskowski.gitbooks.io/mastering-spark-sql/content/gitbook/gitbook-plugin-fontsettings/website.css]
[jaceklaskowski.gitbooks.io/mastering-spark-sql/content/gitbook/fonts/fontawesome/fontawesome-webfont5b62.svg]
[jaceklaskowski.gitbooks.io/mastering-spark-sql/content/spark-structured-streaming.adoc]
[jaceklaskowski.gitbooks.io/mastering-spark-sql/content/spark-sql.html]
[jaceklaskowski.gitbooks.io/mastering-spark-sql/content/spark-sql-dataset-rdd.html]
[jaceklaskowski.gitbooks.io/mastering-spark-sql/content/spark-sql-dataset-vs-sql.html]
[jaceklaskowski.gitbooks.io/mastering-spark-sql/content/hive/index.html]
[jaceklaskowski.gitbooks.io/mastering-spark-sql/content/demo/demo-connecting-spark-sql-to-hive-metastore.html]
[jaceklaskowski.gitbooks.io/mastering-spark-sql/content/demo/demo-hive-partitioned-parquet-table-partition-pruning.html]
[jaceklaskowski.gitbooks.io/mastering-spark-sql/content/hive/configuration-properties.html]
[jaceklaskowski.gitbooks.io/mastering-spark-sql/content/spark-sql-hive-metastore.html]
[jaceklaskowski.gitbooks.io/mastering-spark-sql/content/spark-sql-DataSinks.html]
[jaceklaskowski.gitbooks.io/mastering-spark-sql/content/hive/HiveFileFormat.html]
[jaceklaskowski.gitbooks.io/cdn-cgi/scripts/5c5dd728/cloudflare-static/email-decode.min.js]
[jaceklaskowski.gitbooks.io/mastering-spark-sql/content/hive/spark-sql-CatalogTablePartition.html]
[jaceklaskowski.gitbooks.io/mastering-spark-sql/content/hive/HiveClient.html]
[jaceklaskowski.gitbooks.io/mastering-spark-sql/content/hive/spark-sql-CatalogTable.html]
[jaceklaskowski.gitbooks.io/mastering-spark-sql/content/hive/HiveClientImpl.html]
[jaceklaskowski.gitbooks.io/mastering-spark-sql/content/hive/spark-sql-thrift-server.adoc]
[jaceklaskowski.gitbooks.io/mastering-spark-sql/content/hive/HiveUtils.html]
[jaceklaskowski.gitbooks.io/mastering-spark-sql/content/hive/IsolatedClientLoader.html]
[jaceklaskowski.gitbooks.io/mastering-spark-sql/content/hive/HiveTableRelation.html]
[jaceklaskowski.gitbooks.io/mastering-spark-sql/content/hive/CreateHiveTableAsSelectCommand.html]
[jaceklaskowski.gitbooks.io/mastering-spark-sql/content/hive/SaveAsHiveFile.html]
[jaceklaskowski.gitbooks.io/mastering-spark-sql/content/hive/InsertIntoHiveDirCommand.html]
[jaceklaskowski.gitbooks.io/mastering-spark-sql/content/hive/InsertIntoHiveTable.html]
[jaceklaskowski.gitbooks.io/mastering-spark-sql/content/hive/HiveTableScans.html]
[jaceklaskowski.gitbooks.io/mastering-spark-sql/content/hive/HiveTableScanExec.html]
[jaceklaskowski.gitbooks.io/mastering-spark-sql/content/hive/TableReader.html]
[jaceklaskowski.gitbooks.io/mastering-spark-sql/content/hive/HadoopTableReader.html]
[jaceklaskowski.gitbooks.io/mastering-spark-sql/content/hive/HiveSessionStateBuilder.html]
[jaceklaskowski.gitbooks.io/mastering-spark-sql/content/hive/HiveExternalCatalog.html]
[jaceklaskowski.gitbooks.io/mastering-spark-sql/content/hive/HiveSessionCatalog.html]
[jaceklaskowski.gitbooks.io/mastering-spark-sql/content/hive/HiveMetastoreCatalog.html]
[jaceklaskowski.gitbooks.io/mastering-spark-sql/content/hive/RelationConversions.html]
[jaceklaskowski.gitbooks.io/mastering-spark-sql/content/hive/ResolveHiveSerdeTable.html]
[jaceklaskowski.gitbooks.io/mastering-spark-sql/content/hive/DetermineTableStats.html]
[jaceklaskowski.gitbooks.io/mastering-spark-sql/content/hive/HiveAnalysis.html]
[jaceklaskowski.gitbooks.io/mastering-spark-sql/content/spark-sql-hive-integration.html]
[jaceklaskowski.gitbooks.io/mastering-spark-sql/content/spark-sql-vectorized-parquet-reader.html]
[jaceklaskowski.gitbooks.io/mastering-spark-sql/content/spark-sql-dynamic-partition-inserts.html]
[jaceklaskowski.gitbooks.io/mastering-spark-sql/content/spark-sql-bucketing.html]
[jaceklaskowski.gitbooks.io/mastering-spark-sql/content/spark-sql-whole-stage-codegen.html]
[jaceklaskowski.gitbooks.io/mastering-spark-sql/content/spark-sql-CodegenContext.html]
[jaceklaskowski.gitbooks.io/mastering-spark-sql/content/spark-sql-CodeGenerator.html]
[jaceklaskowski.gitbooks.io/mastering-spark-sql/content/spark-sql-GenerateColumnAccessor.html]
[jaceklaskowski.gitbooks.io/mastering-spark-sql/content/spark-sql-GenerateOrdering.html]
[jaceklaskowski.gitbooks.io/mastering-spark-sql/content/spark-sql-GeneratePredicate.html]
[jaceklaskowski.gitbooks.io/mastering-spark-sql/content/spark-sql-GenerateSafeProjection.html]
[jaceklaskowski.gitbooks.io/mastering-spark-sql/content/spark-sql-BytesToBytesMap.html]
[jaceklaskowski.gitbooks.io/mastering-spark-sql/content/spark-sql-vectorized-query-execution.html]
[jaceklaskowski.gitbooks.io/mastering-spark-sql/content/spark-sql-ColumnarBatch.html]
[jaceklaskowski.gitbooks.io/mastering-spark-sql/content/spark-sql-data-source-api-v2.html]
[jaceklaskowski.gitbooks.io/mastering-spark-sql/content/spark-sql-subqueries.html]
[jaceklaskowski.gitbooks.io/mastering-spark-sql/content/spark-sql-hint-framework.html]
[jaceklaskowski.gitbooks.io/mastering-spark-sql/content/spark-sql-adaptive-query-execution.html]
[jaceklaskowski.gitbooks.io/mastering-spark-sql/content/spark-sql-ExchangeCoordinator.html]
[jaceklaskowski.gitbooks.io/mastering-spark-sql/content/spark-sql-subexpression-elimination.html]
[jaceklaskowski.gitbooks.io/mastering-spark-sql/content/spark-sql-EquivalentExpressions.html]
[jaceklaskowski.gitbooks.io/mastering-spark-sql/content/spark-sql-cost-based-optimization.html]
[jaceklaskowski.gitbooks.io/mastering-spark-sql/content/spark-sql-CatalogStatistics.html]
[jaceklaskowski.gitbooks.io/mastering-spark-sql/content/spark-sql-ColumnStat.html]
[jaceklaskowski.gitbooks.io/mastering-spark-sql/content/spark-sql-EstimationUtils.html]
[jaceklaskowski.gitbooks.io/mastering-spark-sql/content/spark-sql-CommandUtils.html]
[jaceklaskowski.gitbooks.io/mastering-spark-sql/content/spark-sql-catalyst-dsl.html]
[jaceklaskowski.gitbooks.io/mastering-spark-sql/content/spark-sql-spark-sql.html]
[jaceklaskowski.gitbooks.io/mastering-spark-sql/content/spark-sql-fundamentals-spark-application-development.html]
[jaceklaskowski.gitbooks.io/mastering-spark-sql/content/spark-sql-SparkSession.html]
[jaceklaskowski.gitbooks.io/mastering-spark-sql/content/spark-sql-SparkSession-Builder.html]
[jaceklaskowski.gitbooks.io/mastering-spark-sql/content/spark-sql-SparkSession-implicits.html]
[jaceklaskowski.gitbooks.io/mastering-spark-sql/content/spark-sql-SparkSessionExtensions.html]
[jaceklaskowski.gitbooks.io/mastering-spark-sql/content/spark-sql-Dataset.html]
[jaceklaskowski.gitbooks.io/mastering-spark-sql/content/spark-sql-DataFrame.html]
[jaceklaskowski.gitbooks.io/mastering-spark-sql/content/spark-sql-Row.html]
[jaceklaskowski.gitbooks.io/mastering-spark-sql/content/spark-sql-datasource-api.html]
[jaceklaskowski.gitbooks.io/mastering-spark-sql/content/spark-sql-DataFrameReader.html]
[jaceklaskowski.gitbooks.io/mastering-spark-sql/content/spark-sql-DataFrameWriter.html]
[jaceklaskowski.gitbooks.io/mastering-spark-sql/content/spark-sql-dataset-operators.html]
[jaceklaskowski.gitbooks.io/mastering-spark-sql/content/spark-sql-Dataset-typed-transformations.html]
[jaceklaskowski.gitbooks.io/mastering-spark-sql/content/spark-sql-Dataset-untyped-transformations.html]
[jaceklaskowski.gitbooks.io/mastering-spark-sql/content/spark-sql-Dataset-basic-actions.html]
[jaceklaskowski.gitbooks.io/mastering-spark-sql/content/spark-sql-Dataset-actions.html]
[jaceklaskowski.gitbooks.io/mastering-spark-sql/content/spark-sql-DataFrameNaFunctions.html]
[jaceklaskowski.gitbooks.io/mastering-spark-sql/content/spark-sql-DataFrameStatFunctions.html]
[jaceklaskowski.gitbooks.io/mastering-spark-sql/content/spark-sql-Column.html]
[jaceklaskowski.gitbooks.io/mastering-spark-sql/content/spark-sql-column-operators.html]
[jaceklaskowski.gitbooks.io/mastering-spark-sql/content/spark-sql-TypedColumn.html]
[jaceklaskowski.gitbooks.io/mastering-spark-sql/content/spark-sql-basic-aggregation.html]
[jaceklaskowski.gitbooks.io/mastering-spark-sql/content/spark-sql-RelationalGroupedDataset.html]
[jaceklaskowski.gitbooks.io/mastering-spark-sql/content/spark-sql-KeyValueGroupedDataset.html]
[jaceklaskowski.gitbooks.io/mastering-spark-sql/content/spark-sql-joins.html]
[jaceklaskowski.gitbooks.io/mastering-spark-sql/content/spark-sql-joins-broadcast.html]
[jaceklaskowski.gitbooks.io/mastering-spark-sql/content/spark-sql-window-aggregation.html]
[jaceklaskowski.gitbooks.io/mastering-spark-sql/content/spark-sql-WindowSpec.html]
[jaceklaskowski.gitbooks.io/mastering-spark-sql/content/spark-sql-WindowSpec-Window.html]
[jaceklaskowski.gitbooks.io/mastering-spark-sql/content/spark-sql-functions.html]
[jaceklaskowski.gitbooks.io/mastering-spark-sql/content/spark-sql-aggregate-functions.html]
[jaceklaskowski.gitbooks.io/mastering-spark-sql/content/spark-sql-functions-collection.html]
[jaceklaskowski.gitbooks.io/mastering-spark-sql/content/spark-sql-functions-datetime.html]
[jaceklaskowski.gitbooks.io/mastering-spark-sql/content/spark-sql-functions-regular-functions.html]
[jaceklaskowski.gitbooks.io/mastering-spark-sql/content/spark-sql-functions-windows.html]
[jaceklaskowski.gitbooks.io/mastering-spark-sql/content/spark-sql-udfs.html]
[jaceklaskowski.gitbooks.io/mastering-spark-sql/content/spark-sql-udfs-blackbox.html]
[jaceklaskowski.gitbooks.io/mastering-spark-sql/content/spark-sql-UserDefinedFunction.html]
[jaceklaskowski.gitbooks.io/mastering-spark-sql/content/spark-sql-schema.html]
[jaceklaskowski.gitbooks.io/mastering-spark-sql/content/spark-sql-StructType.html]
[jaceklaskowski.gitbooks.io/mastering-spark-sql/content/spark-sql-StructField.html]
[jaceklaskowski.gitbooks.io/mastering-spark-sql/content/spark-sql-DataType.html]
[jaceklaskowski.gitbooks.io/mastering-spark-sql/content/spark-sql-multi-dimensional-aggregation.html]
[jaceklaskowski.gitbooks.io/mastering-spark-sql/content/spark-sql-caching-and-persistence.html]
[jaceklaskowski.gitbooks.io/mastering-spark-sql/content/spark-sql-caching-webui-storage.html]
[jaceklaskowski.gitbooks.io/mastering-spark-sql/content/spark-sql-checkpointing.html]
[jaceklaskowski.gitbooks.io/mastering-spark-sql/content/spark-sql-UserDefinedAggregateFunction.html]
[jaceklaskowski.gitbooks.io/mastering-spark-sql/content/spark-sql-Aggregator.html]
[jaceklaskowski.gitbooks.io/mastering-spark-sql/content/spark-sql-properties.html]
[jaceklaskowski.gitbooks.io/mastering-spark-sql/content/spark-sql-Catalog.html]
[jaceklaskowski.gitbooks.io/mastering-spark-sql/content/spark-sql-CatalogImpl.html]
[jaceklaskowski.gitbooks.io/mastering-spark-sql/content/spark-sql-ExecutionListenerManager.html]
[jaceklaskowski.gitbooks.io/mastering-spark-sql/content/spark-sql-ExperimentalMethods.html]
[jaceklaskowski.gitbooks.io/mastering-spark-sql/content/spark-sql-ExternalCatalog.html]
[jaceklaskowski.gitbooks.io/mastering-spark-sql/content/spark-sql-InMemoryCatalog.html]
[jaceklaskowski.gitbooks.io/mastering-spark-sql/content/spark-sql-FunctionRegistry.html]
[jaceklaskowski.gitbooks.io/mastering-spark-sql/content/spark-sql-GlobalTempViewManager.html]
[jaceklaskowski.gitbooks.io/mastering-spark-sql/content/spark-sql-SessionCatalog.html]
[jaceklaskowski.gitbooks.io/mastering-spark-sql/content/spark-sql-CatalogTable.html]
[jaceklaskowski.gitbooks.io/mastering-spark-sql/content/spark-sql-CatalogStorageFormat.html]
[jaceklaskowski.gitbooks.io/mastering-spark-sql/content/spark-sql-CatalogTablePartition.html]
[jaceklaskowski.gitbooks.io/mastering-spark-sql/content/spark-sql-BucketSpec.html]
[jaceklaskowski.gitbooks.io/mastering-spark-sql/content/spark-sql-SessionState.html]
[jaceklaskowski.gitbooks.io/mastering-spark-sql/content/spark-sql-BaseSessionStateBuilder.html]
[jaceklaskowski.gitbooks.io/mastering-spark-sql/content/spark-sql-SessionStateBuilder.html]
[jaceklaskowski.gitbooks.io/mastering-spark-sql/content/spark-sql-SharedState.html]
[jaceklaskowski.gitbooks.io/mastering-spark-sql/content/spark-sql-CacheManager.html]
[jaceklaskowski.gitbooks.io/mastering-spark-sql/content/spark-sql-CachedRDDBuilder.html]
[jaceklaskowski.gitbooks.io/mastering-spark-sql/content/spark-sql-RuntimeConfig.html]
[jaceklaskowski.gitbooks.io/mastering-spark-sql/content/spark-sql-SQLConf.html]
[jaceklaskowski.gitbooks.io/mastering-spark-sql/content/spark-sql-StaticSQLConf.html]
[jaceklaskowski.gitbooks.io/mastering-spark-sql/content/spark-sql-CatalystConf.html]
[jaceklaskowski.gitbooks.io/mastering-spark-sql/content/spark-sql-UDFRegistration.html]
[jaceklaskowski.gitbooks.io/mastering-spark-sql/content/spark-sql-FileFormat.html]
[jaceklaskowski.gitbooks.io/mastering-spark-sql/content/spark-sql-OrcFileFormat.html]
[jaceklaskowski.gitbooks.io/mastering-spark-sql/content/spark-sql-ParquetFileFormat.html]
[jaceklaskowski.gitbooks.io/mastering-spark-sql/content/spark-sql-TextBasedFileFormat.html]
[jaceklaskowski.gitbooks.io/mastering-spark-sql/content/spark-sql-CSVFileFormat.html]
[jaceklaskowski.gitbooks.io/mastering-spark-sql/content/spark-sql-JsonFileFormat.html]
[jaceklaskowski.gitbooks.io/mastering-spark-sql/content/spark-sql-TextFileFormat.html]
[jaceklaskowski.gitbooks.io/mastering-spark-sql/content/spark-sql-JsonDataSource.html]
[jaceklaskowski.gitbooks.io/mastering-spark-sql/content/spark-sql-BaseRelation-HadoopFsRelation.html]
[jaceklaskowski.gitbooks.io/mastering-spark-sql/content/FileIndex.html]
[jaceklaskowski.gitbooks.io/mastering-spark-sql/content/CatalogFileIndex.html]
[jaceklaskowski.gitbooks.io/mastering-spark-sql/content/InMemoryFileIndex.html]
[jaceklaskowski.gitbooks.io/mastering-spark-sql/content/PartitioningAwareFileIndex.html]
[jaceklaskowski.gitbooks.io/mastering-spark-sql/content/PrunedInMemoryFileIndex.html]
[jaceklaskowski.gitbooks.io/mastering-spark-sql/content/spark-sql-FileFormatWriter.html]
[jaceklaskowski.gitbooks.io/mastering-spark-sql/content/spark-sql-SQLHadoopMapReduceCommitProtocol.html]
[jaceklaskowski.gitbooks.io/mastering-spark-sql/content/spark-sql-PartitionedFile.html]
[jaceklaskowski.gitbooks.io/mastering-spark-sql/content/spark-sql-FileScanRDD.html]
[jaceklaskowski.gitbooks.io/mastering-spark-sql/content/spark-sql-ParquetReadSupport.html]
[jaceklaskowski.gitbooks.io/mastering-spark-sql/content/spark-sql-RecordReaderIterator.html]
[jaceklaskowski.gitbooks.io/mastering-spark-sql/content/spark-sql-kafka.html]
[jaceklaskowski.gitbooks.io/mastering-spark-sql/content/spark-sql-kafka-options.html]
[jaceklaskowski.gitbooks.io/mastering-spark-sql/content/spark-sql-KafkaSourceProvider.html]
[jaceklaskowski.gitbooks.io/mastering-spark-sql/content/spark-sql-KafkaRelation.html]
[jaceklaskowski.gitbooks.io/mastering-spark-sql/content/spark-sql-KafkaSourceRDD.html]
[jaceklaskowski.gitbooks.io/mastering-spark-sql/content/spark-sql-KafkaSourceRDDOffsetRange.html]
[jaceklaskowski.gitbooks.io/mastering-spark-sql/content/spark-sql-KafkaSourceRDDPartition.html]
[jaceklaskowski.gitbooks.io/mastering-spark-sql/content/spark-sql-ConsumerStrategy.html]
[jaceklaskowski.gitbooks.io/mastering-spark-sql/content/spark-sql-KafkaOffsetReader.html]
[jaceklaskowski.gitbooks.io/mastering-spark-sql/content/spark-sql-KafkaOffsetRangeLimit.html]
[jaceklaskowski.gitbooks.io/mastering-spark-sql/content/spark-sql-KafkaDataConsumer.html]
[jaceklaskowski.gitbooks.io/mastering-spark-sql/content/spark-sql-InternalKafkaConsumer.html]
[jaceklaskowski.gitbooks.io/mastering-spark-sql/content/spark-sql-KafkaWriter.html]
[jaceklaskowski.gitbooks.io/mastering-spark-sql/content/spark-sql-KafkaWriteTask.html]
[jaceklaskowski.gitbooks.io/mastering-spark-sql/content/spark-sql-JsonUtils.html]
[jaceklaskowski.gitbooks.io/mastering-spark-sql/content/spark-sql-avro.html]
[jaceklaskowski.gitbooks.io/mastering-spark-sql/content/spark-sql-AvroFileFormat.html]
[jaceklaskowski.gitbooks.io/mastering-spark-sql/content/spark-sql-AvroOptions.html]
[jaceklaskowski.gitbooks.io/mastering-spark-sql/content/spark-sql-Expression-CatalystDataToAvro.html]
[jaceklaskowski.gitbooks.io/mastering-spark-sql/content/spark-sql-Expression-AvroDataToCatalyst.html]
[jaceklaskowski.gitbooks.io/mastering-spark-sql/content/spark-sql-jdbc.html]
[jaceklaskowski.gitbooks.io/mastering-spark-sql/content/spark-sql-JDBCOptions.html]
[jaceklaskowski.gitbooks.io/mastering-spark-sql/content/spark-sql-JdbcRelationProvider.html]
[jaceklaskowski.gitbooks.io/mastering-spark-sql/content/spark-sql-JDBCRelation.html]
[jaceklaskowski.gitbooks.io/mastering-spark-sql/content/spark-sql-JDBCRDD.html]
[jaceklaskowski.gitbooks.io/mastering-spark-sql/content/spark-sql-JdbcDialect.html]
[jaceklaskowski.gitbooks.io/mastering-spark-sql/content/spark-sql-JdbcUtils.html]
[jaceklaskowski.gitbooks.io/mastering-spark-sql/content/spark-sql-console.html]
[jaceklaskowski.gitbooks.io/mastering-spark-sql/content/spark-sql-ConsoleSinkProvider.html]
[jaceklaskowski.gitbooks.io/mastering-spark-sql/content/spark-sql-DataSourceV2.html]
[jaceklaskowski.gitbooks.io/mastering-spark-sql/content/spark-sql-ReadSupport.html]
[jaceklaskowski.gitbooks.io/mastering-spark-sql/content/spark-sql-WriteSupport.html]
[jaceklaskowski.gitbooks.io/mastering-spark-sql/content/spark-sql-DataSourceReader.html]
[jaceklaskowski.gitbooks.io/mastering-spark-sql/content/spark-sql-SupportsPushDownFilters.html]
[jaceklaskowski.gitbooks.io/mastering-spark-sql/content/spark-sql-SupportsPushDownRequiredColumns.html]
[jaceklaskowski.gitbooks.io/mastering-spark-sql/content/spark-sql-SupportsReportPartitioning.html]
[jaceklaskowski.gitbooks.io/mastering-spark-sql/content/spark-sql-SupportsReportStatistics.html]
[jaceklaskowski.gitbooks.io/mastering-spark-sql/content/spark-sql-SupportsScanColumnarBatch.html]
[jaceklaskowski.gitbooks.io/mastering-spark-sql/content/spark-sql-DataSourceWriter.html]
[jaceklaskowski.gitbooks.io/mastering-spark-sql/content/spark-sql-SessionConfigSupport.html]
[jaceklaskowski.gitbooks.io/mastering-spark-sql/content/spark-sql-InputPartition.html]
[jaceklaskowski.gitbooks.io/mastering-spark-sql/content/spark-sql-InputPartitionReader.html]
[jaceklaskowski.gitbooks.io/mastering-spark-sql/content/spark-sql-DataWriter.html]
[jaceklaskowski.gitbooks.io/mastering-spark-sql/content/spark-sql-DataWriterFactory.html]
[jaceklaskowski.gitbooks.io/mastering-spark-sql/content/spark-sql-InternalRowDataWriterFactory.html]
[jaceklaskowski.gitbooks.io/mastering-spark-sql/content/spark-sql-DataSourceV2StringFormat.html]
[jaceklaskowski.gitbooks.io/mastering-spark-sql/content/spark-sql-DataSourceRDD.html]
[jaceklaskowski.gitbooks.io/mastering-spark-sql/content/spark-sql-DataSourceRDDPartition.html]
[jaceklaskowski.gitbooks.io/mastering-spark-sql/content/spark-sql-DataWritingSparkTask.html]
[jaceklaskowski.gitbooks.io/mastering-spark-sql/content/spark-sql-DataSourceV2Utils.html]
[jaceklaskowski.gitbooks.io/mastering-spark-sql/content/spark-sql-DataSource.html]
[jaceklaskowski.gitbooks.io/mastering-spark-sql/content/spark-sql-datasource-custom-formats.html]
[jaceklaskowski.gitbooks.io/mastering-spark-sql/content/spark-sql-CreatableRelationProvider.html]
[jaceklaskowski.gitbooks.io/mastering-spark-sql/content/spark-sql-DataSourceRegister.html]
[jaceklaskowski.gitbooks.io/mastering-spark-sql/content/spark-sql-RelationProvider.html]
[jaceklaskowski.gitbooks.io/mastering-spark-sql/content/spark-sql-SchemaRelationProvider.html]
[jaceklaskowski.gitbooks.io/mastering-spark-sql/content/spark-sql-BaseRelation.html]
[jaceklaskowski.gitbooks.io/mastering-spark-sql/content/spark-sql-FileRelation.html]
[jaceklaskowski.gitbooks.io/mastering-spark-sql/content/spark-sql-CatalystScan.html]
[jaceklaskowski.gitbooks.io/mastering-spark-sql/content/spark-sql-InsertableRelation.html]
[jaceklaskowski.gitbooks.io/mastering-spark-sql/content/spark-sql-PrunedFilteredScan.html]
[jaceklaskowski.gitbooks.io/mastering-spark-sql/content/spark-sql-PrunedScan.html]
[jaceklaskowski.gitbooks.io/mastering-spark-sql/content/spark-sql-TableScan.html]
[jaceklaskowski.gitbooks.io/mastering-spark-sql/content/spark-sql-Filter.html]
[jaceklaskowski.gitbooks.io/mastering-spark-sql/content/spark-sql-QueryExecution.html]
[jaceklaskowski.gitbooks.io/mastering-spark-sql/content/spark-sql-UnsupportedOperationChecker.html]
[jaceklaskowski.gitbooks.io/mastering-spark-sql/content/spark-sql-Analyzer.html]
[jaceklaskowski.gitbooks.io/mastering-spark-sql/content/spark-sql-Analyzer-CheckAnalysis.html]
[jaceklaskowski.gitbooks.io/mastering-spark-sql/content/spark-sql-SparkOptimizer.html]
[jaceklaskowski.gitbooks.io/mastering-spark-sql/content/spark-sql-Optimizer.html]
[jaceklaskowski.gitbooks.io/mastering-spark-sql/content/spark-sql-SparkPlanner.html]
[jaceklaskowski.gitbooks.io/mastering-spark-sql/content/spark-sql-SparkStrategy.html]
[jaceklaskowski.gitbooks.io/mastering-spark-sql/content/spark-sql-SparkStrategies.html]
[jaceklaskowski.gitbooks.io/mastering-spark-sql/content/spark-sql-LogicalPlanStats.html]
[jaceklaskowski.gitbooks.io/mastering-spark-sql/content/spark-sql-Statistics.html]
[jaceklaskowski.gitbooks.io/mastering-spark-sql/content/spark-sql-HintInfo.html]
[jaceklaskowski.gitbooks.io/mastering-spark-sql/content/spark-sql-LogicalPlanVisitor.html]
[jaceklaskowski.gitbooks.io/mastering-spark-sql/content/spark-sql-SizeInBytesOnlyStatsPlanVisitor.html]
[jaceklaskowski.gitbooks.io/mastering-spark-sql/content/spark-sql-BasicStatsPlanVisitor.html]
[jaceklaskowski.gitbooks.io/mastering-spark-sql/content/spark-sql-AggregateEstimation.html]
[jaceklaskowski.gitbooks.io/mastering-spark-sql/content/spark-sql-FilterEstimation.html]
[jaceklaskowski.gitbooks.io/mastering-spark-sql/content/spark-sql-JoinEstimation.html]
[jaceklaskowski.gitbooks.io/mastering-spark-sql/content/spark-sql-ProjectEstimation.html]
[jaceklaskowski.gitbooks.io/mastering-spark-sql/content/spark-sql-SparkPlan-Partitioning.html]
[jaceklaskowski.gitbooks.io/mastering-spark-sql/content/spark-sql-HashPartitioning.html]
[jaceklaskowski.gitbooks.io/mastering-spark-sql/content/spark-sql-Distribution.html]
[jaceklaskowski.gitbooks.io/mastering-spark-sql/content/spark-sql-Distribution-AllTuples.html]
[jaceklaskowski.gitbooks.io/mastering-spark-sql/content/spark-sql-Distribution-BroadcastDistribution.html]
[jaceklaskowski.gitbooks.io/mastering-spark-sql/content/spark-sql-Distribution-ClusteredDistribution.html]
[jaceklaskowski.gitbooks.io/mastering-spark-sql/content/spark-sql-Distribution-HashClusteredDistribution.html]
[jaceklaskowski.gitbooks.io/mastering-spark-sql/content/spark-sql-Distribution-OrderedDistribution.html]
[jaceklaskowski.gitbooks.io/mastering-spark-sql/content/spark-sql-Distribution-UnspecifiedDistribution.html]
[jaceklaskowski.gitbooks.io/mastering-spark-sql/content/spark-sql-Expression.html]
[jaceklaskowski.gitbooks.io/mastering-spark-sql/content/spark-sql-Expression-AggregateExpression.html]
[jaceklaskowski.gitbooks.io/mastering-spark-sql/content/spark-sql-Expression-AggregateFunction.html]
[jaceklaskowski.gitbooks.io/mastering-spark-sql/content/spark-sql-Expression-AggregateWindowFunction.html]
[jaceklaskowski.gitbooks.io/mastering-spark-sql/content/spark-sql-Expression-AttributeReference.html]
[jaceklaskowski.gitbooks.io/mastering-spark-sql/content/spark-sql-Expression-Alias.html]
[jaceklaskowski.gitbooks.io/mastering-spark-sql/content/spark-sql-Expression-Attribute.html]
[jaceklaskowski.gitbooks.io/mastering-spark-sql/content/spark-sql-Expression-BoundReference.html]
[jaceklaskowski.gitbooks.io/mastering-spark-sql/content/spark-sql-Expression-CallMethodViaReflection.html]
[jaceklaskowski.gitbooks.io/mastering-spark-sql/content/spark-sql-Expression-Coalesce.html]
[jaceklaskowski.gitbooks.io/mastering-spark-sql/content/spark-sql-Expression-CodegenFallback.html]
[jaceklaskowski.gitbooks.io/mastering-spark-sql/content/spark-sql-Expression-CollectionGenerator.html]
[jaceklaskowski.gitbooks.io/mastering-spark-sql/content/spark-sql-Expression-ComplexTypedAggregateExpression.html]
[jaceklaskowski.gitbooks.io/mastering-spark-sql/content/spark-sql-Expression-CreateArray.html]
[jaceklaskowski.gitbooks.io/mastering-spark-sql/content/spark-sql-Expression-CreateNamedStruct.html]
[jaceklaskowski.gitbooks.io/mastering-spark-sql/content/spark-sql-Expression-CreateNamedStructLike.html]
[jaceklaskowski.gitbooks.io/mastering-spark-sql/content/spark-sql-Expression-CreateNamedStructUnsafe.html]
[jaceklaskowski.gitbooks.io/mastering-spark-sql/content/spark-sql-Expression-CumeDist.html]
[jaceklaskowski.gitbooks.io/mastering-spark-sql/content/spark-sql-Expression-DeclarativeAggregate.html]
[jaceklaskowski.gitbooks.io/mastering-spark-sql/content/spark-sql-Expression-ExecSubqueryExpression.html]
[jaceklaskowski.gitbooks.io/mastering-spark-sql/content/spark-sql-Expression-Exists.html]
[jaceklaskowski.gitbooks.io/mastering-spark-sql/content/spark-sql-Expression-ExpectsInputTypes.html]
[jaceklaskowski.gitbooks.io/mastering-spark-sql/content/spark-sql-Expression-ExplodeBase.html]
[jaceklaskowski.gitbooks.io/mastering-spark-sql/content/spark-sql-Expression-First.html]
[jaceklaskowski.gitbooks.io/mastering-spark-sql/content/spark-sql-Expression-Generator.html]
[jaceklaskowski.gitbooks.io/mastering-spark-sql/content/spark-sql-Expression-GetArrayStructFields.html]
[jaceklaskowski.gitbooks.io/mastering-spark-sql/content/spark-sql-Expression-GetArrayItem.html]
[jaceklaskowski.gitbooks.io/mastering-spark-sql/content/spark-sql-Expression-GetMapValue.html]
[jaceklaskowski.gitbooks.io/mastering-spark-sql/content/spark-sql-Expression-GetStructField.html]
[jaceklaskowski.gitbooks.io/mastering-spark-sql/content/spark-sql-Expression-ImperativeAggregate.html]
[jaceklaskowski.gitbooks.io/mastering-spark-sql/content/spark-sql-Expression-In.html]
[jaceklaskowski.gitbooks.io/mastering-spark-sql/content/spark-sql-Expression-Inline.html]
[jaceklaskowski.gitbooks.io/mastering-spark-sql/content/spark-sql-Expression-InSet.html]
[jaceklaskowski.gitbooks.io/mastering-spark-sql/content/spark-sql-Expression-InSubquery.html]
[jaceklaskowski.gitbooks.io/mastering-spark-sql/content/spark-sql-Expression-JsonToStructs.html]
[jaceklaskowski.gitbooks.io/mastering-spark-sql/content/spark-sql-Expression-JsonTuple.html]
[jaceklaskowski.gitbooks.io/mastering-spark-sql/content/spark-sql-Expression-ListQuery.html]
[jaceklaskowski.gitbooks.io/mastering-spark-sql/content/spark-sql-Expression-Literal.html]
[jaceklaskowski.gitbooks.io/mastering-spark-sql/content/spark-sql-Expression-MonotonicallyIncreasingID.html]
[jaceklaskowski.gitbooks.io/mastering-spark-sql/content/spark-sql-Expression-Murmur3Hash.html]
[jaceklaskowski.gitbooks.io/mastering-spark-sql/content/spark-sql-Expression-NamedExpression.html]
[jaceklaskowski.gitbooks.io/mastering-spark-sql/content/spark-sql-Expression-Nondeterministic.html]
[jaceklaskowski.gitbooks.io/mastering-spark-sql/content/spark-sql-Expression-OffsetWindowFunction.html]
[jaceklaskowski.gitbooks.io/mastering-spark-sql/content/spark-sql-Expression-ParseToDate.html]
[jaceklaskowski.gitbooks.io/mastering-spark-sql/content/spark-sql-Expression-ParseToTimestamp.html]
[jaceklaskowski.gitbooks.io/mastering-spark-sql/content/spark-sql-Expression-PlanExpression.html]
[jaceklaskowski.gitbooks.io/mastering-spark-sql/content/spark-sql-Expression-PrettyAttribute.html]
[jaceklaskowski.gitbooks.io/mastering-spark-sql/content/spark-sql-Expression-RankLike.html]
[jaceklaskowski.gitbooks.io/mastering-spark-sql/content/spark-sql-Expression-ResolvedStar.html]
[jaceklaskowski.gitbooks.io/mastering-spark-sql/content/spark-sql-Expression-RowNumberLike.html]
[jaceklaskowski.gitbooks.io/mastering-spark-sql/content/spark-sql-Expression-RuntimeReplaceable.html]
[jaceklaskowski.gitbooks.io/mastering-spark-sql/content/spark-sql-Expression-SubqueryExpression-ScalarSubquery.html]
[jaceklaskowski.gitbooks.io/mastering-spark-sql/content/spark-sql-Expression-ExecSubqueryExpression-ScalarSubquery.html]
[jaceklaskowski.gitbooks.io/mastering-spark-sql/content/spark-sql-Expression-ScalaUDF.html]
[jaceklaskowski.gitbooks.io/mastering-spark-sql/content/spark-sql-Expression-ScalaUDAF.html]
[jaceklaskowski.gitbooks.io/mastering-spark-sql/content/spark-sql-Expression-SimpleTypedAggregateExpression.html]
[jaceklaskowski.gitbooks.io/mastering-spark-sql/content/spark-sql-Expression-SizeBasedWindowFunction.html]
[jaceklaskowski.gitbooks.io/mastering-spark-sql/content/spark-sql-Expression-SortOrder.html]
[jaceklaskowski.gitbooks.io/mastering-spark-sql/content/spark-sql-Expression-Stack.html]
[jaceklaskowski.gitbooks.io/mastering-spark-sql/content/spark-sql-Expression-Star.html]
[jaceklaskowski.gitbooks.io/mastering-spark-sql/content/spark-sql-Expression-StaticInvoke.html]
[jaceklaskowski.gitbooks.io/mastering-spark-sql/content/spark-sql-Expression-SubqueryExpression.html]
[jaceklaskowski.gitbooks.io/mastering-spark-sql/content/spark-sql-Expression-TimeWindow.html]
[jaceklaskowski.gitbooks.io/mastering-spark-sql/content/spark-sql-Expression-TypedAggregateExpression.html]
[jaceklaskowski.gitbooks.io/mastering-spark-sql/content/spark-sql-Expression-TypedImperativeAggregate.html]
[jaceklaskowski.gitbooks.io/mastering-spark-sql/content/spark-sql-Expression-UnaryExpression.html]
[jaceklaskowski.gitbooks.io/mastering-spark-sql/content/spark-sql-Expression-UnixTimestamp.html]
[jaceklaskowski.gitbooks.io/mastering-spark-sql/content/spark-sql-Expression-UnresolvedAttribute.html]
[jaceklaskowski.gitbooks.io/mastering-spark-sql/content/spark-sql-Expression-UnresolvedFunction.html]
[jaceklaskowski.gitbooks.io/mastering-spark-sql/content/spark-sql-Expression-UnresolvedGenerator.html]
[jaceklaskowski.gitbooks.io/mastering-spark-sql/content/spark-sql-Expression-UnresolvedOrdinal.html]
[jaceklaskowski.gitbooks.io/mastering-spark-sql/content/spark-sql-Expression-UnresolvedRegex.html]
[jaceklaskowski.gitbooks.io/mastering-spark-sql/content/spark-sql-Expression-UnresolvedStar.html]
[jaceklaskowski.gitbooks.io/mastering-spark-sql/content/spark-sql-Expression-UnresolvedWindowExpression.html]
[jaceklaskowski.gitbooks.io/mastering-spark-sql/content/spark-sql-Expression-WindowExpression.html]
[jaceklaskowski.gitbooks.io/mastering-spark-sql/content/spark-sql-Expression-WindowFunction.html]
[jaceklaskowski.gitbooks.io/mastering-spark-sql/content/spark-sql-Expression-WindowSpecDefinition.html]
[jaceklaskowski.gitbooks.io/mastering-spark-sql/content/spark-sql-LogicalPlan.html]
[jaceklaskowski.gitbooks.io/mastering-spark-sql/content/spark-sql-LogicalPlan-Command.html]
[jaceklaskowski.gitbooks.io/mastering-spark-sql/content/spark-sql-LogicalPlan-RunnableCommand.html]
[jaceklaskowski.gitbooks.io/mastering-spark-sql/content/spark-sql-LogicalPlan-DataWritingCommand.html]
[jaceklaskowski.gitbooks.io/mastering-spark-sql/content/spark-sql-LogicalPlan-Aggregate.html]
[jaceklaskowski.gitbooks.io/mastering-spark-sql/content/spark-sql-LogicalPlan-AlterViewAsCommand.html]
[jaceklaskowski.gitbooks.io/mastering-spark-sql/content/spark-sql-LogicalPlan-AnalysisBarrier.html]
[jaceklaskowski.gitbooks.io/mastering-spark-sql/content/spark-sql-LogicalPlan-AnalyzeColumnCommand.html]
[jaceklaskowski.gitbooks.io/mastering-spark-sql/content/spark-sql-LogicalPlan-AnalyzePartitionCommand.html]
[jaceklaskowski.gitbooks.io/mastering-spark-sql/content/spark-sql-LogicalPlan-AnalyzeTableCommand.html]
[jaceklaskowski.gitbooks.io/mastering-spark-sql/content/spark-sql-LogicalPlan-AppendData.html]
[jaceklaskowski.gitbooks.io/mastering-spark-sql/content/spark-sql-LogicalPlan-ClearCacheCommand.html]
[jaceklaskowski.gitbooks.io/mastering-spark-sql/content/spark-sql-LogicalPlan-CreateDataSourceTableAsSelectCommand.html]
[jaceklaskowski.gitbooks.io/mastering-spark-sql/content/spark-sql-LogicalPlan-CreateDataSourceTableCommand.html]
[jaceklaskowski.gitbooks.io/mastering-spark-sql/content/spark-sql-LogicalPlan-CreateTable.html]
[jaceklaskowski.gitbooks.io/mastering-spark-sql/content/spark-sql-LogicalPlan-CreateTableCommand.html]
[jaceklaskowski.gitbooks.io/mastering-spark-sql/content/spark-sql-LogicalPlan-CreateTempViewUsing.html]
[jaceklaskowski.gitbooks.io/mastering-spark-sql/content/spark-sql-LogicalPlan-CreateViewCommand.html]
[jaceklaskowski.gitbooks.io/mastering-spark-sql/content/spark-sql-LogicalPlan-DataSourceV2Relation.html]
[jaceklaskowski.gitbooks.io/mastering-spark-sql/content/spark-sql-LogicalPlan-DescribeColumnCommand.html]
[jaceklaskowski.gitbooks.io/mastering-spark-sql/content/spark-sql-LogicalPlan-DescribeTableCommand.html]
[jaceklaskowski.gitbooks.io/mastering-spark-sql/content/spark-sql-LogicalPlan-DeserializeToObject.html]
[jaceklaskowski.gitbooks.io/mastering-spark-sql/content/spark-sql-LogicalPlan-DropTableCommand.html]
[jaceklaskowski.gitbooks.io/mastering-spark-sql/content/spark-sql-LogicalPlan-Except.html]
[jaceklaskowski.gitbooks.io/mastering-spark-sql/content/spark-sql-LogicalPlan-Expand.html]
[jaceklaskowski.gitbooks.io/mastering-spark-sql/content/spark-sql-LogicalPlan-ExplainCommand.html]
[jaceklaskowski.gitbooks.io/mastering-spark-sql/content/spark-sql-LogicalPlan-ExternalRDD.html]
[jaceklaskowski.gitbooks.io/mastering-spark-sql/content/spark-sql-LogicalPlan-Filter.html]
[jaceklaskowski.gitbooks.io/mastering-spark-sql/content/spark-sql-LogicalPlan-Generate.html]
[jaceklaskowski.gitbooks.io/mastering-spark-sql/content/spark-sql-LogicalPlan-GroupingSets.html]
[jaceklaskowski.gitbooks.io/mastering-spark-sql/content/spark-sql-LogicalPlan-Hint.html]
[jaceklaskowski.gitbooks.io/mastering-spark-sql/content/spark-sql-LogicalPlan-InMemoryRelation.html]
[jaceklaskowski.gitbooks.io/mastering-spark-sql/content/spark-sql-LogicalPlan-InsertIntoDataSourceCommand.html]
[jaceklaskowski.gitbooks.io/mastering-spark-sql/content/spark-sql-LogicalPlan-InsertIntoDataSourceDirCommand.html]
[jaceklaskowski.gitbooks.io/mastering-spark-sql/content/InsertIntoDir.html]
[jaceklaskowski.gitbooks.io/mastering-spark-sql/content/spark-sql-LogicalPlan-InsertIntoHadoopFsRelationCommand.html]
[jaceklaskowski.gitbooks.io/mastering-spark-sql/content/InsertIntoTable.html]
[jaceklaskowski.gitbooks.io/mastering-spark-sql/content/spark-sql-LogicalPlan-Intersect.html]
[jaceklaskowski.gitbooks.io/mastering-spark-sql/content/spark-sql-LogicalPlan-Join.html]
[jaceklaskowski.gitbooks.io/mastering-spark-sql/content/spark-sql-LogicalPlan-LeafNode.html]
[jaceklaskowski.gitbooks.io/mastering-spark-sql/content/spark-sql-LogicalPlan-LocalRelation.html]
[jaceklaskowski.gitbooks.io/mastering-spark-sql/content/spark-sql-LogicalPlan-LogicalRDD.html]
[jaceklaskowski.gitbooks.io/mastering-spark-sql/content/spark-sql-LogicalPlan-LogicalRelation.html]
[jaceklaskowski.gitbooks.io/mastering-spark-sql/content/spark-sql-LogicalPlan-OneRowRelation.html]
[jaceklaskowski.gitbooks.io/mastering-spark-sql/content/spark-sql-LogicalPlan-Pivot.html]
[jaceklaskowski.gitbooks.io/mastering-spark-sql/content/spark-sql-LogicalPlan-Project.html]
[jaceklaskowski.gitbooks.io/mastering-spark-sql/content/spark-sql-LogicalPlan-Range.html]
[jaceklaskowski.gitbooks.io/mastering-spark-sql/content/spark-sql-LogicalPlan-Repartition-RepartitionByExpression.html]
[jaceklaskowski.gitbooks.io/mastering-spark-sql/content/spark-sql-LogicalPlan-ResolvedHint.html]
[jaceklaskowski.gitbooks.io/mastering-spark-sql/content/spark-sql-LogicalPlan-SaveIntoDataSourceCommand.html]
[jaceklaskowski.gitbooks.io/mastering-spark-sql/content/spark-sql-LogicalPlan-ShowCreateTableCommand.html]
[jaceklaskowski.gitbooks.io/mastering-spark-sql/content/spark-sql-LogicalPlan-ShowTablesCommand.html]
[jaceklaskowski.gitbooks.io/mastering-spark-sql/content/spark-sql-LogicalPlan-Sort.html]
[jaceklaskowski.gitbooks.io/mastering-spark-sql/content/spark-sql-LogicalPlan-SubqueryAlias.html]
[jaceklaskowski.gitbooks.io/mastering-spark-sql/content/spark-sql-LogicalPlan-TruncateTableCommand.html]
[jaceklaskowski.gitbooks.io/mastering-spark-sql/content/spark-sql-LogicalPlan-TypedFilter.html]
[jaceklaskowski.gitbooks.io/mastering-spark-sql/content/spark-sql-LogicalPlan-Union.html]
[jaceklaskowski.gitbooks.io/mastering-spark-sql/content/spark-sql-LogicalPlan-UnresolvedCatalogRelation.html]
[jaceklaskowski.gitbooks.io/mastering-spark-sql/content/spark-sql-LogicalPlan-UnresolvedHint.html]
[jaceklaskowski.gitbooks.io/mastering-spark-sql/content/spark-sql-LogicalPlan-UnresolvedInlineTable.html]
[jaceklaskowski.gitbooks.io/mastering-spark-sql/content/spark-sql-LogicalPlan-UnresolvedRelation.html]
[jaceklaskowski.gitbooks.io/mastering-spark-sql/content/spark-sql-LogicalPlan-UnresolvedTableValuedFunction.html]
[jaceklaskowski.gitbooks.io/mastering-spark-sql/content/spark-sql-LogicalPlan-Window.html]
[jaceklaskowski.gitbooks.io/mastering-spark-sql/content/spark-sql-LogicalPlan-WithWindowDefinition.html]
[jaceklaskowski.gitbooks.io/mastering-spark-sql/content/spark-sql-LogicalPlan-WriteToDataSourceV2.html]
[jaceklaskowski.gitbooks.io/mastering-spark-sql/content/spark-sql-LogicalPlan-View.html]
[jaceklaskowski.gitbooks.io/mastering-spark-sql/content/spark-sql-SparkPlan.html]
[jaceklaskowski.gitbooks.io/mastering-spark-sql/content/spark-sql-CodegenSupport.html]
[jaceklaskowski.gitbooks.io/mastering-spark-sql/content/spark-sql-SparkPlan-DataSourceScanExec.html]
[jaceklaskowski.gitbooks.io/mastering-spark-sql/content/spark-sql-ColumnarBatchScan.html]
[jaceklaskowski.gitbooks.io/mastering-spark-sql/content/spark-sql-ObjectConsumerExec.html]
[jaceklaskowski.gitbooks.io/mastering-spark-sql/content/spark-sql-SparkPlan-BaseLimitExec.html]
[jaceklaskowski.gitbooks.io/mastering-spark-sql/content/spark-sql-SparkPlan-Exchange.html]
[jaceklaskowski.gitbooks.io/mastering-spark-sql/content/spark-sql-Projection.html]
[jaceklaskowski.gitbooks.io/mastering-spark-sql/content/spark-sql-UnsafeProjection.html]
[jaceklaskowski.gitbooks.io/mastering-spark-sql/content/spark-sql-GenerateUnsafeProjection.html]
[jaceklaskowski.gitbooks.io/mastering-spark-sql/content/spark-sql-GenerateMutableProjection.html]
[jaceklaskowski.gitbooks.io/mastering-spark-sql/content/spark-sql-InterpretedProjection.html]
[jaceklaskowski.gitbooks.io/mastering-spark-sql/content/spark-sql-CodeGeneratorWithInterpretedFallback.html]
[jaceklaskowski.gitbooks.io/mastering-spark-sql/content/spark-sql-SQLMetric.html]
[jaceklaskowski.gitbooks.io/mastering-spark-sql/content/spark-sql-SparkPlan-BroadcastExchangeExec.html]
[jaceklaskowski.gitbooks.io/mastering-spark-sql/content/spark-sql-SparkPlan-BroadcastHashJoinExec.html]
[jaceklaskowski.gitbooks.io/mastering-spark-sql/content/spark-sql-SparkPlan-BroadcastNestedLoopJoinExec.html]
[jaceklaskowski.gitbooks.io/mastering-spark-sql/content/spark-sql-SparkPlan-CartesianProductExec.html]
[jaceklaskowski.gitbooks.io/mastering-spark-sql/content/spark-sql-SparkPlan-CoalesceExec.html]
[jaceklaskowski.gitbooks.io/mastering-spark-sql/content/spark-sql-SparkPlan-CoGroupExec.html]
[jaceklaskowski.gitbooks.io/mastering-spark-sql/content/spark-sql-SparkPlan-DataSourceV2ScanExec.html]
[jaceklaskowski.gitbooks.io/mastering-spark-sql/content/spark-sql-SparkPlan-DataWritingCommandExec.html]
[jaceklaskowski.gitbooks.io/mastering-spark-sql/content/spark-sql-SparkPlan-DebugExec.html]
[jaceklaskowski.gitbooks.io/mastering-spark-sql/content/spark-sql-SparkPlan-DeserializeToObjectExec.html]
[jaceklaskowski.gitbooks.io/mastering-spark-sql/content/spark-sql-SparkPlan-ExecutedCommandExec.html]
[jaceklaskowski.gitbooks.io/mastering-spark-sql/content/spark-sql-SparkPlan-ExpandExec.html]
[jaceklaskowski.gitbooks.io/mastering-spark-sql/content/spark-sql-SparkPlan-ExternalRDDScanExec.html]
[jaceklaskowski.gitbooks.io/mastering-spark-sql/content/spark-sql-SparkPlan-FileSourceScanExec.html]
[jaceklaskowski.gitbooks.io/mastering-spark-sql/content/spark-sql-SparkPlan-FilterExec.html]
[jaceklaskowski.gitbooks.io/mastering-spark-sql/content/spark-sql-SparkPlan-GenerateExec.html]
[jaceklaskowski.gitbooks.io/mastering-spark-sql/content/spark-sql-SparkPlan-HashAggregateExec.html]
[jaceklaskowski.gitbooks.io/mastering-spark-sql/content/spark-sql-SparkPlan-InMemoryTableScanExec.html]
[jaceklaskowski.gitbooks.io/mastering-spark-sql/content/spark-sql-SparkPlan-LocalTableScanExec.html]
[jaceklaskowski.gitbooks.io/mastering-spark-sql/content/spark-sql-SparkPlan-MapElementsExec.html]
[jaceklaskowski.gitbooks.io/mastering-spark-sql/content/spark-sql-SparkPlan-ObjectHashAggregateExec.html]
[jaceklaskowski.gitbooks.io/mastering-spark-sql/content/spark-sql-SparkPlan-ObjectProducerExec.html]
[jaceklaskowski.gitbooks.io/mastering-spark-sql/content/spark-sql-SparkPlan-ProjectExec.html]
[jaceklaskowski.gitbooks.io/mastering-spark-sql/content/spark-sql-SparkPlan-RangeExec.html]
[jaceklaskowski.gitbooks.io/mastering-spark-sql/content/spark-sql-SparkPlan-RDDScanExec.html]
[jaceklaskowski.gitbooks.io/mastering-spark-sql/content/spark-sql-SparkPlan-ReusedExchangeExec.html]
[jaceklaskowski.gitbooks.io/mastering-spark-sql/content/spark-sql-SparkPlan-RowDataSourceScanExec.html]
[jaceklaskowski.gitbooks.io/mastering-spark-sql/content/spark-sql-SparkPlan-SampleExec.html]
[jaceklaskowski.gitbooks.io/mastering-spark-sql/content/spark-sql-SparkPlan-ShuffleExchangeExec.html]
[jaceklaskowski.gitbooks.io/mastering-spark-sql/content/spark-sql-SparkPlan-ShuffledHashJoinExec.html]
[jaceklaskowski.gitbooks.io/mastering-spark-sql/content/spark-sql-SparkPlan-SerializeFromObjectExec.html]
[jaceklaskowski.gitbooks.io/mastering-spark-sql/content/spark-sql-SparkPlan-SortAggregateExec.html]
[jaceklaskowski.gitbooks.io/mastering-spark-sql/content/spark-sql-SparkPlan-SortMergeJoinExec.html]
[jaceklaskowski.gitbooks.io/mastering-spark-sql/content/spark-sql-SparkPlan-SortExec.html]
[jaceklaskowski.gitbooks.io/mastering-spark-sql/content/spark-sql-SparkPlan-SubqueryExec.html]
[jaceklaskowski.gitbooks.io/mastering-spark-sql/content/spark-sql-SparkPlan-InputAdapter.html]
[jaceklaskowski.gitbooks.io/mastering-spark-sql/content/spark-sql-SparkPlan-WindowExec.html]
[jaceklaskowski.gitbooks.io/mastering-spark-sql/content/spark-sql-AggregateProcessor.html]
[jaceklaskowski.gitbooks.io/mastering-spark-sql/content/spark-sql-WindowFunctionFrame.html]
[jaceklaskowski.gitbooks.io/mastering-spark-sql/content/spark-sql-SparkPlan-WholeStageCodegenExec.html]
[jaceklaskowski.gitbooks.io/mastering-spark-sql/content/spark-sql-SparkPlan-WriteToDataSourceV2Exec.html]
[jaceklaskowski.gitbooks.io/mastering-spark-sql/content/spark-sql-Analyzer-AliasViewChild.html]
[jaceklaskowski.gitbooks.io/mastering-spark-sql/content/spark-sql-Analyzer-CleanupAliases.html]
[jaceklaskowski.gitbooks.io/mastering-spark-sql/content/spark-sql-Analyzer-DataSourceAnalysis.html]
[jaceklaskowski.gitbooks.io/mastering-spark-sql/content/spark-sql-Analyzer-ExtractWindowExpressions.html]
[jaceklaskowski.gitbooks.io/mastering-spark-sql/content/spark-sql-Analyzer-FindDataSourceTable.html]
[jaceklaskowski.gitbooks.io/mastering-spark-sql/content/spark-sql-Analyzer-HandleNullInputsForUDF.html]
[jaceklaskowski.gitbooks.io/mastering-spark-sql/content/spark-sql-Analyzer-TypeCoercionRule-InConversion.html]
[jaceklaskowski.gitbooks.io/mastering-spark-sql/content/spark-sql-Analyzer-LookupFunctions.html]
[jaceklaskowski.gitbooks.io/mastering-spark-sql/content/spark-sql-Analyzer-PreprocessTableCreation.html]
[jaceklaskowski.gitbooks.io/mastering-spark-sql/content/spark-sql-Analyzer-PreWriteCheck.html]
[jaceklaskowski.gitbooks.io/mastering-spark-sql/content/spark-sql-Analyzer-ResolveAliases.html]
[jaceklaskowski.gitbooks.io/mastering-spark-sql/content/spark-sql-Analyzer-ResolveBroadcastHints.html]
[jaceklaskowski.gitbooks.io/mastering-spark-sql/content/spark-sql-Analyzer-ResolveCoalesceHints.html]
[jaceklaskowski.gitbooks.io/mastering-spark-sql/content/spark-sql-Analyzer-ResolveCreateNamedStruct.html]
[jaceklaskowski.gitbooks.io/mastering-spark-sql/content/spark-sql-Analyzer-ResolveFunctions.html]
[jaceklaskowski.gitbooks.io/mastering-spark-sql/content/spark-sql-Analyzer-ResolveInlineTables.html]
[jaceklaskowski.gitbooks.io/mastering-spark-sql/content/spark-sql-Analyzer-ResolveMissingReferences.html]
[jaceklaskowski.gitbooks.io/mastering-spark-sql/content/spark-sql-Analyzer-ResolveOrdinalInOrderByAndGroupBy.html]
[jaceklaskowski.gitbooks.io/mastering-spark-sql/content/spark-sql-Analyzer-ResolveOutputRelation.html]
[jaceklaskowski.gitbooks.io/mastering-spark-sql/content/spark-sql-Analyzer-ResolveReferences.html]
[jaceklaskowski.gitbooks.io/mastering-spark-sql/content/spark-sql-Analyzer-ResolveRelations.html]
[jaceklaskowski.gitbooks.io/mastering-spark-sql/content/spark-sql-Analyzer-ResolveSQLOnFile.html]
[jaceklaskowski.gitbooks.io/mastering-spark-sql/content/spark-sql-Analyzer-ResolveSubquery.html]
[jaceklaskowski.gitbooks.io/mastering-spark-sql/content/spark-sql-Analyzer-ResolveWindowFrame.html]
[jaceklaskowski.gitbooks.io/mastering-spark-sql/content/spark-sql-Analyzer-ResolveWindowOrder.html]
[jaceklaskowski.gitbooks.io/mastering-spark-sql/content/spark-sql-Analyzer-TimeWindowing.html]
[jaceklaskowski.gitbooks.io/mastering-spark-sql/content/spark-sql-Analyzer-UpdateOuterReferences.html]
[jaceklaskowski.gitbooks.io/mastering-spark-sql/content/spark-sql-Analyzer-TypeCoercionRule-WindowFrameCoercion.html]
[jaceklaskowski.gitbooks.io/mastering-spark-sql/content/spark-sql-Analyzer-TypeCoercionRule-WidenSetOperationTypes.html]
[jaceklaskowski.gitbooks.io/mastering-spark-sql/content/spark-sql-Analyzer-WindowsSubstitution.html]
[jaceklaskowski.gitbooks.io/mastering-spark-sql/content/spark-sql-Optimizer-CollapseWindow.html]
[jaceklaskowski.gitbooks.io/mastering-spark-sql/content/spark-sql-Optimizer-ColumnPruning.html]
[jaceklaskowski.gitbooks.io/mastering-spark-sql/content/spark-sql-Optimizer-CombineTypedFilters.html]
[jaceklaskowski.gitbooks.io/mastering-spark-sql/content/spark-sql-Optimizer-CombineUnions.html]
[jaceklaskowski.gitbooks.io/mastering-spark-sql/content/spark-sql-Optimizer-ComputeCurrentTime.html]
[jaceklaskowski.gitbooks.io/mastering-spark-sql/content/spark-sql-Optimizer-ConstantFolding.html]
[jaceklaskowski.gitbooks.io/mastering-spark-sql/content/spark-sql-Optimizer-CostBasedJoinReorder.html]
[jaceklaskowski.gitbooks.io/mastering-spark-sql/content/spark-sql-Optimizer-DecimalAggregates.html]
[jaceklaskowski.gitbooks.io/mastering-spark-sql/content/spark-sql-Optimizer-EliminateSerialization.html]
[jaceklaskowski.gitbooks.io/mastering-spark-sql/content/spark-sql-Optimizer-EliminateSubqueryAliases.html]
[jaceklaskowski.gitbooks.io/mastering-spark-sql/content/spark-sql-Optimizer-EliminateView.html]
[jaceklaskowski.gitbooks.io/mastering-spark-sql/content/spark-sql-Optimizer-GetCurrentDatabase.html]
[jaceklaskowski.gitbooks.io/mastering-spark-sql/content/spark-sql-Optimizer-InferFiltersFromConstraints.html]
[jaceklaskowski.gitbooks.io/mastering-spark-sql/content/spark-sql-Optimizer-LimitPushDown.html]
[jaceklaskowski.gitbooks.io/mastering-spark-sql/content/spark-sql-Optimizer-NullPropagation.html]
[jaceklaskowski.gitbooks.io/mastering-spark-sql/content/spark-sql-Optimizer-OptimizeIn.html]
[jaceklaskowski.gitbooks.io/mastering-spark-sql/content/spark-sql-Optimizer-OptimizeSubqueries.html]
[jaceklaskowski.gitbooks.io/mastering-spark-sql/content/spark-sql-Optimizer-PropagateEmptyRelation.html]
[jaceklaskowski.gitbooks.io/mastering-spark-sql/content/spark-sql-Optimizer-PullupCorrelatedPredicates.html]
[jaceklaskowski.gitbooks.io/mastering-spark-sql/content/spark-sql-Optimizer-PushDownPredicate.html]
[jaceklaskowski.gitbooks.io/mastering-spark-sql/content/spark-sql-Optimizer-PushPredicateThroughJoin.html]
[jaceklaskowski.gitbooks.io/mastering-spark-sql/content/spark-sql-Optimizer-ReorderJoin.html]
[jaceklaskowski.gitbooks.io/mastering-spark-sql/content/spark-sql-Optimizer-ReplaceExpressions.html]
[jaceklaskowski.gitbooks.io/mastering-spark-sql/content/spark-sql-Optimizer-ReplaceExceptWithAntiJoin.html]
[jaceklaskowski.gitbooks.io/mastering-spark-sql/content/spark-sql-Optimizer-ReplaceExceptWithFilter.html]
[jaceklaskowski.gitbooks.io/mastering-spark-sql/content/spark-sql-Optimizer-RewriteCorrelatedScalarSubquery.html]
[jaceklaskowski.gitbooks.io/mastering-spark-sql/content/spark-sql-Optimizer-RewriteExceptAll.html]
[jaceklaskowski.gitbooks.io/mastering-spark-sql/content/spark-sql-Optimizer-RewritePredicateSubquery.html]
[jaceklaskowski.gitbooks.io/mastering-spark-sql/content/spark-sql-Optimizer-SimplifyCasts.html]
[jaceklaskowski.gitbooks.io/mastering-spark-sql/content/spark-sql-SparkOptimizer-ExtractPythonUDFFromAggregate.html]
[jaceklaskowski.gitbooks.io/mastering-spark-sql/content/spark-sql-SparkOptimizer-OptimizeMetadataOnlyQuery.html]
[jaceklaskowski.gitbooks.io/mastering-spark-sql/content/spark-sql-SparkOptimizer-PruneFileSourcePartitions.html]
[jaceklaskowski.gitbooks.io/mastering-spark-sql/content/spark-sql-SparkOptimizer-PushDownOperatorsToDataSource.html]
[jaceklaskowski.gitbooks.io/mastering-spark-sql/content/spark-sql-SparkStrategy-Aggregation.html]
[jaceklaskowski.gitbooks.io/mastering-spark-sql/content/spark-sql-SparkStrategy-BasicOperators.html]
[jaceklaskowski.gitbooks.io/mastering-spark-sql/content/spark-sql-SparkStrategy-DataSourceStrategy.html]
[jaceklaskowski.gitbooks.io/mastering-spark-sql/content/spark-sql-SparkStrategy-DataSourceV2Strategy.html]
[jaceklaskowski.gitbooks.io/mastering-spark-sql/content/spark-sql-SparkStrategy-FileSourceStrategy.html]
[jaceklaskowski.gitbooks.io/mastering-spark-sql/content/spark-sql-SparkStrategy-InMemoryScans.html]
[jaceklaskowski.gitbooks.io/mastering-spark-sql/content/spark-sql-SparkStrategy-JoinSelection.html]
[jaceklaskowski.gitbooks.io/mastering-spark-sql/content/spark-sql-SparkStrategy-SpecialLimits.html]
[jaceklaskowski.gitbooks.io/mastering-spark-sql/content/spark-sql-CollapseCodegenStages.html]
[jaceklaskowski.gitbooks.io/mastering-spark-sql/content/spark-sql-EnsureRequirements.html]
[jaceklaskowski.gitbooks.io/mastering-spark-sql/content/spark-sql-ExtractPythonUDFs.html]
[jaceklaskowski.gitbooks.io/mastering-spark-sql/content/spark-sql-PlanSubqueries.html]
[jaceklaskowski.gitbooks.io/mastering-spark-sql/content/spark-sql-ReuseExchange.html]
[jaceklaskowski.gitbooks.io/mastering-spark-sql/content/spark-sql-ReuseSubquery.html]
[jaceklaskowski.gitbooks.io/mastering-spark-sql/content/spark-sql-Encoder.html]
[jaceklaskowski.gitbooks.io/mastering-spark-sql/content/spark-sql-Encoders.html]
[jaceklaskowski.gitbooks.io/mastering-spark-sql/content/spark-sql-ExpressionEncoder.html]
[jaceklaskowski.gitbooks.io/mastering-spark-sql/content/spark-sql-RowEncoder.html]
[jaceklaskowski.gitbooks.io/mastering-spark-sql/content/spark-sql-ExpressionEncoder-LocalDateTime.html]
[jaceklaskowski.gitbooks.io/mastering-spark-sql/content/spark-sql-VectorizedParquetRecordReader.html]
[jaceklaskowski.gitbooks.io/mastering-spark-sql/content/spark-sql-VectorizedColumnReader.html]
[jaceklaskowski.gitbooks.io/mastering-spark-sql/content/spark-sql-SpecificParquetRecordReaderBase.html]
[jaceklaskowski.gitbooks.io/mastering-spark-sql/content/spark-sql-ColumnVector.html]
[jaceklaskowski.gitbooks.io/mastering-spark-sql/content/spark-sql-WritableColumnVector.html]
[jaceklaskowski.gitbooks.io/mastering-spark-sql/content/spark-sql-OnHeapColumnVector.html]
[jaceklaskowski.gitbooks.io/mastering-spark-sql/content/spark-sql-OffHeapColumnVector.html]
[jaceklaskowski.gitbooks.io/mastering-spark-sql/content/spark-sql-ShuffledRowRDD.html]
[jaceklaskowski.gitbooks.io/mastering-spark-sql/content/spark-sql-webui.html]
[jaceklaskowski.gitbooks.io/mastering-spark-sql/content/spark-sql-SQLListener.html]
[jaceklaskowski.gitbooks.io/mastering-spark-sql/content/spark-sql-QueryExecutionListener.html]
[jaceklaskowski.gitbooks.io/mastering-spark-sql/content/spark-sql-SQLAppStatusListener.html]
[jaceklaskowski.gitbooks.io/mastering-spark-sql/content/spark-sql-SQLAppStatusPlugin.html]
[jaceklaskowski.gitbooks.io/mastering-spark-sql/content/spark-sql-SQLAppStatusStore.html]
[jaceklaskowski.gitbooks.io/mastering-spark-sql/content/spark-sql-WriteTaskStats.html]
[jaceklaskowski.gitbooks.io/mastering-spark-sql/content/spark-sql-BasicWriteTaskStats.html]
[jaceklaskowski.gitbooks.io/mastering-spark-sql/content/spark-sql-WriteTaskStatsTracker.html]
[jaceklaskowski.gitbooks.io/mastering-spark-sql/content/spark-sql-BasicWriteTaskStatsTracker.html]
[jaceklaskowski.gitbooks.io/mastering-spark-sql/content/spark-sql-WriteJobStatsTracker.html]
[jaceklaskowski.gitbooks.io/mastering-spark-sql/content/spark-sql-BasicWriteJobStatsTracker.html]
[jaceklaskowski.gitbooks.io/mastering-spark-sql/content/spark-logging.html]
[jaceklaskowski.gitbooks.io/mastering-spark-sql/content/spark-sql-performance-tuning.html]
[jaceklaskowski.gitbooks.io/mastering-spark-sql/content/spark-sql-performance-tuning-groupBy-aggregation.html]
[jaceklaskowski.gitbooks.io/mastering-spark-sql/content/spark-sql-debugging-query-execution.html]
[jaceklaskowski.gitbooks.io/mastering-spark-sql/content/spark-sql-catalyst.html]
[jaceklaskowski.gitbooks.io/mastering-spark-sql/content/spark-sql-catalyst-TreeNode.html]
[jaceklaskowski.gitbooks.io/mastering-spark-sql/content/spark-sql-catalyst-QueryPlan.html]
[jaceklaskowski.gitbooks.io/mastering-spark-sql/content/spark-sql-catalyst-RuleExecutor.html]
[jaceklaskowski.gitbooks.io/mastering-spark-sql/content/spark-sql-catalyst-Rule.html]
[jaceklaskowski.gitbooks.io/mastering-spark-sql/content/spark-sql-catalyst-QueryPlanner.html]
[jaceklaskowski.gitbooks.io/mastering-spark-sql/content/spark-sql-catalyst-GenericStrategy.html]
[jaceklaskowski.gitbooks.io/mastering-spark-sql/content/spark-sql-tungsten.html]
[jaceklaskowski.gitbooks.io/mastering-spark-sql/content/spark-sql-InternalRow.html]
[jaceklaskowski.gitbooks.io/mastering-spark-sql/content/spark-sql-UnsafeRow.html]
[jaceklaskowski.gitbooks.io/mastering-spark-sql/content/spark-sql-AggregationIterator.html]
[jaceklaskowski.gitbooks.io/mastering-spark-sql/content/spark-sql-ObjectAggregationIterator.html]
[jaceklaskowski.gitbooks.io/mastering-spark-sql/content/spark-sql-SortBasedAggregationIterator.html]
[jaceklaskowski.gitbooks.io/mastering-spark-sql/content/spark-sql-TungstenAggregationIterator.html]
[jaceklaskowski.gitbooks.io/mastering-spark-sql/content/spark-sql-CatalystSerde.html]
[jaceklaskowski.gitbooks.io/mastering-spark-sql/content/spark-sql-ExternalAppendOnlyUnsafeRowArray.html]
[jaceklaskowski.gitbooks.io/mastering-spark-sql/content/spark-sql-UnsafeFixedWidthAggregationMap.html]
[jaceklaskowski.gitbooks.io/mastering-spark-sql/content/spark-sql-parsing-framework.html]
[jaceklaskowski.gitbooks.io/mastering-spark-sql/content/spark-sql-AbstractSqlParser.html]
[jaceklaskowski.gitbooks.io/mastering-spark-sql/content/spark-sql-AstBuilder.html]
[jaceklaskowski.gitbooks.io/mastering-spark-sql/content/spark-sql-CatalystSqlParser.html]
[jaceklaskowski.gitbooks.io/mastering-spark-sql/content/spark-sql-ParserInterface.html]
[jaceklaskowski.gitbooks.io/mastering-spark-sql/content/spark-sql-SparkSqlAstBuilder.html]
[jaceklaskowski.gitbooks.io/mastering-spark-sql/content/spark-sql-SparkSqlParser.html]
[jaceklaskowski.gitbooks.io/mastering-spark-sql/content/spark-sql-thrift-server.html]
[jaceklaskowski.gitbooks.io/mastering-spark-sql/content/spark-sql-thriftserver-SparkSQLEnv.html]
[jaceklaskowski.gitbooks.io/mastering-spark-sql/content/spark-sql-SQLExecution.html]
[jaceklaskowski.gitbooks.io/mastering-spark-sql/content/spark-sql-RDDConversions.html]
[jaceklaskowski.gitbooks.io/mastering-spark-sql/content/spark-sql-CatalystTypeConverters.html]
[jaceklaskowski.gitbooks.io/mastering-spark-sql/content/spark-sql-StatFunctions.html]
[jaceklaskowski.gitbooks.io/mastering-spark-sql/content/spark-sql-SubExprUtils.html]
[jaceklaskowski.gitbooks.io/mastering-spark-sql/content/spark-sql-PredicateHelper.html]
[jaceklaskowski.gitbooks.io/mastering-spark-sql/content/spark-sql-DDLUtils.html]
[jaceklaskowski.gitbooks.io/mastering-spark-sql/content/spark-sql-SchemaUtils.html]
[jaceklaskowski.gitbooks.io/mastering-spark-sql/content/spark-sql-AggUtils.html]
[jaceklaskowski.gitbooks.io/mastering-spark-sql/content/spark-sql-ScalaReflection.html]
[jaceklaskowski.gitbooks.io/mastering-spark-sql/content/spark-sql-CreateStruct.html]
[jaceklaskowski.gitbooks.io/mastering-spark-sql/content/spark-sql-MultiInstanceRelation.html]
[jaceklaskowski.gitbooks.io/mastering-spark-sql/content/spark-sql-TypeCoercion.html]
[jaceklaskowski.gitbooks.io/mastering-spark-sql/content/spark-sql-TypeCoercionRule.html]
[jaceklaskowski.gitbooks.io/mastering-spark-sql/content/spark-sql-ExtractEquiJoinKeys.html]
[jaceklaskowski.gitbooks.io/mastering-spark-sql/content/spark-sql-PhysicalAggregation.html]
[jaceklaskowski.gitbooks.io/mastering-spark-sql/content/spark-sql-PhysicalOperation.html]
[jaceklaskowski.gitbooks.io/mastering-spark-sql/content/spark-sql-HashJoin.html]
[jaceklaskowski.gitbooks.io/mastering-spark-sql/content/spark-sql-HashedRelation.html]
[jaceklaskowski.gitbooks.io/mastering-spark-sql/content/spark-sql-LongHashedRelation.html]
[jaceklaskowski.gitbooks.io/mastering-spark-sql/content/spark-sql-UnsafeHashedRelation.html]
[jaceklaskowski.gitbooks.io/mastering-spark-sql/content/spark-sql-KnownSizeEstimation.html]
[jaceklaskowski.gitbooks.io/mastering-spark-sql/content/spark-sql-SizeEstimator.html]
[jaceklaskowski.gitbooks.io/mastering-spark-sql/content/spark-sql-BroadcastMode.html]
[jaceklaskowski.gitbooks.io/mastering-spark-sql/content/spark-sql-HashedRelationBroadcastMode.html]
[jaceklaskowski.gitbooks.io/mastering-spark-sql/content/spark-sql-IdentityBroadcastMode.html]
[jaceklaskowski.gitbooks.io/mastering-spark-sql/content/spark-sql-PartitioningUtils.html]
[jaceklaskowski.gitbooks.io/mastering-spark-sql/content/spark-sql-spark-HadoopFileLinesReader.html]
[jaceklaskowski.gitbooks.io/mastering-spark-sql/content/spark-sql-CatalogUtils.html]
[jaceklaskowski.gitbooks.io/mastering-spark-sql/content/spark-sql-ExternalCatalogUtils.html]
[jaceklaskowski.gitbooks.io/mastering-spark-sql/content/spark-sql-BufferedRowIterator.html]
[jaceklaskowski.gitbooks.io/mastering-spark-sql/content/spark-sql-CompressionCodecs.html]
[jaceklaskowski.gitbooks.io/mastering-spark-sql/content/spark-sql-SQLContext.html]
[jaceklaskowski.gitbooks.io/mastering-spark-sql/content/.html]
[jaceklaskowski.gitbooks.io/mastering-spark-sql/content/gitbook/fonts/fontawesome/fontawesome-webfont5b62.svg]
[jaceklaskowski.gitbooks.io/mastering-spark-sql/content/spark-structured-streaming.html]
[jaceklaskowski.gitbooks.io/mastering-spark-sql/content/hive/spark-sql-CatalogTablePartition.html]
[jaceklaskowski.gitbooks.io/mastering-spark-sql/content/hive/spark-sql-CatalogTable.html]
[jaceklaskowski.gitbooks.io/mastering-spark-sql/content/hive/spark-sql-thrift-server.html]
